
> e-tour@1.0.0 test
> hardhat test

[dotenv@17.2.3] injecting env (0) from .env -- tip: 🛠️  run anywhere with `dotenvx run -- yourcommand`
StateTracker initialized: object
StateTracker methods: [
  'constructor',
  'startTest',
  'recordTimelineEntry',
  'endTest',
  'isTracking',
  'getTestData',
  'getAllTests',
  'getCurrentTestId',
  'getSummary',
  'getTestsByFile',
  'getTestsByStatus',
  'clear',
  'toJSON',
  'fromJSON'
]
Scientific test reporter setup complete. State capture enabled.

Scientific Reporter initialized. Report will be generated at:
/Users/karim/Documents/workspace/zero-trust/e-tour/test-report-scientific.html
Incremental updates will be written after each test.

Starting test execution with scientific reporting...

  1/382: Should split prize equally for finals draw with standard prize pool ✗
  2/382: Should update tournament finalsWasDraw flag correctly ✗
  3/382: Should split prize among 4 players when both semi-finals draw ✗
  4/382: Should emit TournamentCompletedAllDraw event with correct parameters ✓
  5/382: Should correctly set allDrawResolution and allDrawRound flags ✗
  6/382: Should split prize among 8 players if all round 0 matches draw ✗
  7/382: Should handle one draw and three wins in 8-player tournament ✓
  8/382: Should update player stats correctly for all-draw tournament ✓
  9/382: Should automatically trigger draw after 50 moves without pawn move or capture ✗
  10/382: Should reset halfMoveClock on pawn move ✓
  11/382: Should reset halfMoveClock on capture ✓
  12/382: should add player to enrolling list on enrollment ✓
  13/382: should move all players from enrolling to active on tournament start ✓
  14/382: should remove both players from active list on match completion ✓
  15/382: should clear all player tracking on tournament completion ✓
  16/382: should return empty arrays for new players ✓
  17/382: should return correct counts ✓
  18/382: Should deploy successfully ✓
  19/382: Should have correct owner ✓
  20/382: Should clear check status when player escapes check ✓
  21/382: Should correctly track check status throughout a game ✓
  22/382: Should allow a basic game to start ✓
  23/382: Should allow pawn promotion to Queen ✓
  24/382: Should reject promotion with PieceType.None ✓
  25/382: Should allow kingside castling ✓
  26/382: Should report correct castling rights ✓
  27/382: Should allow player to resign ✓
  28/382: Should declare opponent as winner on resignation ✓
  29/382: Should reject resignation from non-player ✓
  30/382: Should allow opponent to accept draw ✓
  31/382: Should reject draw acceptance from current turn player ✓
  32/382: Should allow timeout claim after timeout period ✓
  33/382: Should reject early timeout claim ✓
  34/382: Should reject timeout claim on your own turn ✓
  35/382: Should return chess match data ✓
  36/382: Should return board state ✓
  37/382: Should return move history ✓
  38/382: Should return RW3 compliance declaration ✗
  39/382: Should detect checkmate (Scholar's Mate) ✓
  40/382: Should handle 4-player tournament bracket ✗
  41/382: Should track player statistics ✓
  42/382: Debug: Should show match state immediately after enrollmentBefore enrollment, block timestamp: 1767323754
 ✗
  43/382: Should return correct metadata for ConnectFourOnChain ✓
  44/382: Should return correct metadata for ChessOnChain ✓
  45/382: Should return correct metadata for TicTacChain ✓
  46/382: Should return correct tier count for ConnectFour (4 tiers) ✗
  47/382: Should return correct tier count for Chess (2 tiers) ✗
  48/382: Should return correct tier count for TicTacToe (3 tiers) ✗
  49/382: Should return all tier IDs for ConnectFour ✓
  50/382: Should return all tier IDs for Chess ✓
  51/382: Should return all tier IDs for TicTacToe ✓
  52/382: Should return correct tier 0 info for ConnectFour ✓
  53/382: Should return correct tier 1 info for ConnectFour ✓
  54/382: Should return correct tier 2 info for ConnectFour ✓
  55/382: Should return correct tier 3 info for ConnectFour ✓
  56/382: Should return correct timeout configuration for ConnectFour tier 0 ✓
  57/382: Should return correct timeout configuration for ConnectFour tier 3 ✓
  58/382: Should return complete configuration for ConnectFour tier 0 ✓
  59/382: Should return complete configuration for ConnectFour tier 2 ✓
  60/382: Should calculate correct capacity for ConnectFour tier 0 ✓
  61/382: Should calculate correct capacity for ConnectFour tier 3 ✓
  62/382: Should calculate correct total capacity for ConnectFour ✓
  63/382: Should calculate correct total capacity for Chess ✓
  64/382: Should calculate correct total capacity for TicTacToe ✓
  65/382: Should return correct fee distribution percentages ✓
  66/382: Should return correct raffle configuration for current raffle ✓
  67/382: Should return complete raffle threshold configuration ✓
  68/382: Should return same configuration for all three games ✓
  69/382: Should revert when getting info for invalid tier ✓
  70/382: Should revert when getting timeouts for invalid tier ✓
  71/382: Should revert when getting configuration for invalid tier ✓
  72/382: Should revert when getting capacity for invalid tier ✓
  73/382: Should reject move to column that is full (6 pieces) ✗
  74/382: Should allow moves to other columns when one column is full ✗
🚀 Initializing ConnectFour Maximum Capacity Gas Test...
✅ Loaded 224 player accounts
✅ ConnectFourOnChain deployed at 0x99dBE4AEa58E518C50a1c04aE9b48C9F6354612f

  75/382: Should saturate contract with 224 players across all tiers
📋 Enrolling players to saturate contract...

  Tier 0 (2-player): Enrolling 24 players across 12 instances...
    ✓ 3/12 instances filled
    ✓ 6/12 instances filled
    ✓ 9/12 instances filled
    ✓ 12/12 instances filled
  ✅ Tier 0 complete: 24 players enrolled

  Tier 1 (4-player): Enrolling 40 players across 10 instances...
    ✓ 3/10 instances filled
    ✓ 6/10 instances filled
    ✓ 9/10 instances filled
  ✅ Tier 1 complete: 40 players enrolled

  Tier 2 (8-player): Enrolling 64 players across 8 instances...
    ✓ 2/8 instances filled
    ✓ 4/8 instances filled
    ✓ 6/8 instances filled
    ✓ 8/8 instances filled
  ✅ Tier 2 complete: 64 players enrolled

  Tier 3 (16-player): Enrolling 96 players across 6 instances...
    ✓ 1/6 instances filled (15/16 players)
    ✓ 2/6 instances filled (16/16 players)
    ✓ 3/6 instances filled (16/16 players)
    ✓ 4/6 instances filled (16/16 players)
    ✓ 5/6 instances filled (16/16 players)
    ✓ 6/6 instances filled (16/16 players)
  ✅ Tier 3 complete: 95 players enrolled (1 spot reserved for auto-start test)

✅ CONTRACT SATURATION COMPLETE
   Total Players: 223 / 224 enrolled
   Active Tournaments: 36
 ✓
  76/382: Scenario 1: Long Game with Multiple Moves
🎮 SCENARIO 1: Long Game (20+ moves)

    📊 Playing long game (20 moves)
      Move 5/20 complete - Gas: 77578
      Move 10/20 complete - Gas: 78380
      Move 15/20 complete - Gas: 80173
      Move 20/20 complete - Gas: 77726
    ✅ Long game complete - 20 moves played
 ✓
  77/382: Scenario 2: Tournament Auto-Start at Capacity
🚀 SCENARIO 2: Tournament Auto-Start
    Enrolling final player to trigger auto-start...

    💎 AUTO-START GAS COST
       Gas: 3,943,604
       Cost: 0.003943604027605228 ETH ($11.83)
 ✓
  78/382: Should calculate average player cost across all scenarios
📊 Calculating average player costs...

    Players tracked: 224
    Average gas per player: 442,783
    Average cost @ 0.05 gwei: 0.00002213915 ETH
 ✓
  79/382: Should identify maximum cost player path
🎯 Identifying maximum cost player...

    Max cost player: 0x4Daf3470DBA87DA934D22048ef416D6428EFFd1A
    Total gas: 3,943,664
    Transactions: 1

    Top 5 expensive transactions:
      1. Enrollment: Tier 3, Instance 3, Player 16: 3,943,664 gas
 ✓
Error generating incremental report: ENOENT: no such file or directory, rename '/Users/karim/Documents/workspace/zero-trust/e-tour/test-report-scientific.html.tmp' -> '/Users/karim/Documents/workspace/zero-trust/e-tour/test-report-scientific.html'

  80/382: Should display network cost estimates at various gas prices
💰 Network Cost Estimates at Various Gas Prices

    Gas Prices (L2): 0.03, 0.1, 0.5, 1.0 gwei
    ETH Price Assumption: $3,000

    0.03 gwei:
      Average: 0.00001328349 ETH ($0.04)
      Maximum: 0.00011830992 ETH ($0.35)

    0.1 gwei:
      Average: 0.0000442783 ETH ($0.13)
      Maximum: 0.0003943664 ETH ($1.18)

    0.5 gwei:
      Average: 0.0002213915 ETH ($0.66)
      Maximum: 0.001971832 ETH ($5.92)

    1 gwei:
      Average: 0.000442783 ETH ($1.33)
      Maximum: 0.003943664 ETH ($11.83)
 ✓
  81/382: Should print comprehensive gas analysis report
================================================================================
CONNECTFOUR MAXIMUM CAPACITY GAS ESTIMATION REPORT
================================================================================

## Contract State at Test Time
- Total Players Enrolled: 224
- Active Tournament Instances: 36
- Tier 0: 12 instances × 2 players = 24 players
- Tier 1: 10 instances × 4 players = 40 players
- Tier 2: 8 instances × 8 players = 64 players
- Tier 3: 6 instances × 16 players = 96 players
- Estimated Concurrent Matches: ~158
- Match Cache Utilization: ~800/1000 slots

## Gas Costs by Operation (Top 20 Highest)

1. Enrollment: Tier 3, Instance 3, Player 16
   Gas Used: 3,943,664
   Cost @ 0.05 gwei: 0.003943664027605648 ETH ($11.83)
   Player: 0x4Daf3470...

2. Enrollment: Tier 3, Instance 1, Player 16
   Gas Used: 3,943,640
   Cost @ 0.05 gwei: 0.00394364002760548 ETH ($11.83)
   Player: 0x3961e955...

3. Enrollment: Tier 3, Instance 2, Player 16
   Gas Used: 3,943,628
   Cost @ 0.05 gwei: 0.003943628027605396 ETH ($11.83)
   Player: 0xd85B3541...

4. Enrollment: Tier 3, Instance 5, Player 16
   Gas Used: 3,943,628
   Cost @ 0.05 gwei: 0.003943628027605396 ETH ($11.83)
   Player: 0xE54CC59b...

5. Enrollment: Tier 3, Instance 4, Player 16
   Gas Used: 3,943,604
   Cost @ 0.05 gwei: 0.003943604027605228 ETH ($11.83)
   Player: 0xf5377262...

6. Auto-Start Trigger: Tier 3 enrollment (16th player)
   Gas Used: 3,943,604
   Cost @ 0.05 gwei: 0.003943604027605228 ETH ($11.83)
   Player: 0x0d56282A...

7. Enrollment: Tier 2, Instance 7, Player 8
   Gas Used: 2,051,861
   Cost @ 0.05 gwei: 0.002051861014363027 ETH ($6.16)
   Player: 0x20a6250c...

8. Enrollment: Tier 2, Instance 3, Player 8
   Gas Used: 2,051,849
   Cost @ 0.05 gwei: 0.002051849014362943 ETH ($6.16)
   Player: 0xBc5BdceE...

9. Enrollment: Tier 2, Instance 5, Player 8
   Gas Used: 2,051,849
   Cost @ 0.05 gwei: 0.002051849014362943 ETH ($6.16)
   Player: 0x11c9CFEc...

10. Enrollment: Tier 2, Instance 1, Player 8
   Gas Used: 2,051,837
   Cost @ 0.05 gwei: 0.002051837014362859 ETH ($6.16)
   Player: 0x586BA390...

11. Enrollment: Tier 2, Instance 6, Player 8
   Gas Used: 2,051,837
   Cost @ 0.05 gwei: 0.002051837014362859 ETH ($6.16)
   Player: 0xc9DB8bec...

12. Enrollment: Tier 2, Instance 2, Player 8
   Gas Used: 2,051,825
   Cost @ 0.05 gwei: 0.002051825014362775 ETH ($6.16)
   Player: 0xE5D3ab68...

13. Enrollment: Tier 2, Instance 4, Player 8
   Gas Used: 2,051,813
   Cost @ 0.05 gwei: 0.002051813014362691 ETH ($6.16)
   Player: 0x9c793571...

14. Enrollment: Tier 2, Instance 0, Player 8
   Gas Used: 2,051,801
   Cost @ 0.05 gwei: 0.002051801014362607 ETH ($6.16)
   Player: 0xF0cE7BaB...

15. Enrollment: Tier 1, Instance 1, Player 4
   Gas Used: 1,105,956
   Cost @ 0.05 gwei: 0.001105956007741692 ETH ($3.32)
   Player: 0xcF2d5b3c...

16. Enrollment: Tier 1, Instance 2, Player 4
   Gas Used: 1,105,944
   Cost @ 0.05 gwei: 0.001105944007741608 ETH ($3.32)
   Player: 0x1003ff39...

17. Enrollment: Tier 1, Instance 5, Player 4
   Gas Used: 1,105,944
   Cost @ 0.05 gwei: 0.001105944007741608 ETH ($3.32)
   Player: 0x35304262...

18. Enrollment: Tier 1, Instance 7, Player 4
   Gas Used: 1,105,944
   Cost @ 0.05 gwei: 0.001105944007741608 ETH ($3.32)
   Player: 0xAb707cb8...

19. Enrollment: Tier 1, Instance 8, Player 4
   Gas Used: 1,105,944
   Cost @ 0.05 gwei: 0.001105944007741608 ETH ($3.32)
   Player: 0xC0543b0b...

20. Enrollment: Tier 1, Instance 9, Player 4
   Gas Used: 1,105,944
   Cost @ 0.05 gwei: 0.001105944007741608 ETH ($3.32)
   Player: 0x64492E25...

## Average Player Cost Analysis
- Players Tracked: 224
- Total Gas (All Players): 99,183,561
- Average Gas per Player: 442,783
- Average Cost @ 0.05 gwei: 0.00002213915 ETH
- Average Cost @ 0.05 gwei: $0.07

## Maximum Cost Player
- Player Address: 0x4Daf3470DBA87DA934D22048ef416D6428EFFd1A
- Total Gas Spent: 3,943,664
- Total Transactions: 1
- Cost @ 0.05 gwei: 0.0001971832 ETH
- Cost @ 0.05 gwei: $0.59

  Top 5 Most Expensive Transactions for Max Cost Player:
    1. Enrollment: Tier 3, Instance 3, Player 16: 3,943,664 gas

## Network Cost Estimates at Different Gas Prices (L2)

┌────────────┬──────────────────┬──────────────────┐
│ Gas Price  │ Avg Player Cost  │ Max Player Cost  │
├────────────┼──────────────────┼──────────────────┤
│ 0.03 gwei  │ 0.00001328349    │ 0.00011830992    │
│            │ ($0.04         ) │ ($0.35         ) │
│ 0.1 gwei   │ 0.0000442783     │ 0.0003943664     │
│            │ ($0.13         ) │ ($1.18         ) │
│ 0.5 gwei   │ 0.0002213915     │ 0.001971832      │
│            │ ($0.66         ) │ ($5.92         ) │
│ 1 gwei     │ 0.000442783      │ 0.003943664      │
│            │ ($1.33         ) │ ($11.83        ) │
└────────────┴──────────────────┴──────────────────┘

## Operation Type Breakdown

ENROLLMENTS:
  Count: 1
  Total Gas: 3,943,604
  Average Gas: 3,943,604

MOVES:
  Count: 20
  Total Gas: 1,605,041
  Average Gas: 80,252

================================================================================
END OF REPORT
================================================================================

 ✓
Error generating incremental report: ENOENT: no such file or directory, rename '/Users/karim/Documents/workspace/zero-trust/e-tour/test-report-scientific.html.tmp' -> '/Users/karim/Documents/workspace/zero-trust/e-tour/test-report-scientific.html'

  82/382: should add player to enrolling list on enrollment ✓
  83/382: should move all players from enrolling to active on tournament start ✓
  84/382: should remove both players from active list on match completion ✓
  85/382: should clear all player tracking on tournament completion ✓
  86/382: should return empty arrays for new players ✓
  87/382: should return correct counts ✓
  88/382: Should deploy successfully as ETour implementation ✓
  89/382: Should have correct owner ✓
  90/382: Should have 4 tiers configured ✗
  91/382: Should have correct tier configurations ✗
  92/382: Should have correct game constants ✗
  93/382: Should allow player enrollment ✓
  94/382: Should auto-start 2-player tournament when full ✓
  95/382: Should correctly split entry fees (90% prize pool) ✓
  96/382: Should reject incorrect entry fee ✓
  97/382: Should reject duplicate enrollment ✓
  98/382: Should create match when tournament starts ✓
  99/382: Should initialize empty board ✓
  100/382: Should set random first player ✓
  101/382: Should allow first player to make move ✓
  102/382: Should place piece at bottom of column (gravity) ✓
  103/382: Should stack pieces correctly ✓
  104/382: Should switch turns after each move ✓
  105/382: Should reject move when not your turn ✓
  106/382: Should reject move to full column ✓
  107/382: Should reject invalid column ✓
  108/382: Should detect horizontal win ✓
  109/382: Should detect vertical win ✓
  110/382: Should complete tournament and distribute prizes ✓
  111/382: Should update player stats after match ✓
  112/382: Should handle 4-player tournament bracket ✗
  113/382: Should allow timeout claim after timeout period ✓
  114/382: Should reject early timeout claim ✓
  115/382: Should return match data correctly ✓
  116/382: Should check column availability ✗
  117/382: Should return RW3 compliance declaration ✗
  118/382: Should have correct tier 2 configuration (8-player) ✗
  119/382: Should start 8-player tournament with correct bracket structure ✗
  120/382: Should award 0% to semi-final losers (3rd and 4th place) ✗
  121/382: Should award 0% to round 0 losers (5th-8th place) ✓
  122/382: Should have correct tier 3 configuration (16-player) ✗
  123/382: Should have correct prize distribution percentages for 16-player tier ✓
  124/382: Should start 16-player tournament with correct bracket structure ✗
  125/382: Should have all ETour required functions ✓
  126/382: Should have Connect Four specific functions ✓
  127/382: Debug: Should show match state immediately after enrollmentBefore enrollment, block timestamp: 1767324685
 ✗
  128/382: Should debug completedMatches counter with draws
=== AFTER ENROLLMENT ===
 ✗
  129/382: Should deploy successfully ✓
  130/382: Should have correct owner ✓
  131/382: Should have 3 tiers configured ✗
  132/382: Should have correct tier 0 configuration (2-player) ✗
  133/382: Should have correct tier 1 configuration (4-player) ✗
  134/382: Should have correct tier 2 configuration (8-player) ✗
  135/382: Should enroll players and auto-start when full (2-player) ✓
  136/382: Should split entry fees correctly (90% prize pool, 10% owner) ✓
  137/382: Should reject incorrect entry fee ✓
  138/382: Should reject duplicate enrollment ✓
  139/382: Should reject invalid tier ✓
  140/382: Should initialize round with correct match count (8-player = 4 matches) ✗
  141/382: Should handle force start after enrollment timeout ✓
  142/382: Should allow players to make moves ✓
  143/382: Should switch turns after each move ✓
  144/382: Should reject move when not your turn ✓
  145/382: Should reject move to occupied cell ✓
  146/382: Should reject invalid cell index ✓
  147/382: Should reject move from non-player ✓
  148/382: Should detect horizontal win (top row) ✓
  149/382: Should detect vertical win (left column) ✓
  150/382: Should detect diagonal win (0, 4, 8) ✓
  151/382: Should detect draw when board is full with no winner ✓
  152/382: Should complete 2-player tournament and distribute prizes ✓
  153/382: Should allow timeout claim after timeout period ✓
  154/382: Should reject early timeout claim ✓
  155/382: Should reject timeout claim on your own turn ✓
  156/382: Should return match data correctly ✓
  157/382: Should return RW3 compliance declaration ✗
  158/382: Should have reasonable gas costs for enrollment      Gas used for enrollment: 309787
 ✓
  159/382: Should have reasonable gas costs for making a move      Gas used for move: 85513
 ✓
  160/382: Should reject claim before escalation2 window ✓
  161/382: Should allow external player to claim abandoned pool after escalation2 ✓
  162/382: Should emit PlayerForfeited for all enrolled players ✓
  163/382: Should reject claim when no enrollment pool exists ✓
  164/382: Should reject force start from non-enrolled player ✓
  165/382: Should set hasStartedViaTimeout flag when force started ✓
  166/382: Should handle single player force start with immediate win ✓
  167/382: Should return correct tournament info via getTournamentInfo ✓
  168/382: Should track player active matches correctly ✓
  169/382: Should return enrolled players list ✓
  170/382: Should return round info correctly ✓
  171/382: Should return player stats correctly ✓
  172/382: Should return tier overview correctly ✓
  173/382: Should return prize distribution for tier ✓
  174/382: Should return individual prize percentages ✓
  175/382: Should track player earnings on leaderboard - winner has positive, loser negative ✓
  176/382: Should return full leaderboard with all players ✓
  177/382: Should return leaderboard count ✓
  178/382: Should distribute prizes correctly (2-player) ✓
  179/382: Should handle draw finals with co-winners ✓
  180/382: Should complete full 8-player bracket tournament ✗
  181/382: Should track timeout escalation timestamps ✓
  182/382: Should reject invalid instance ID ✓
  183/382: Should reject enrollment in full tournament ✓
  184/382: Should reject force start when tournament already in progress ✓
  185/382: Should reject getPrizePercentage for invalid tier ✓
  186/382: Should reject getPrizePercentage for invalid ranking ✓
  187/382: Should properly reset all state after tournament completion ✗
  188/382: Should allow re-enrollment after tournament reset ✓
  189/382: Should correctly split fees (90% pool, 7.5% owner, 2.5% protocol) ✓
  190/382: Should initialize enrollment timeout timestamps on first enrollment ✓
  191/382: Should track forfeit pool during enrollment ✓
  192/382: Should expose ENTRY_FEES helper ✗
  193/382: Should expose INSTANCE_COUNTS helper ✗
  194/382: Should expose TIER_SIZES helper ✗
  195/382: Should handle finals draw with co-winners ✓
  196/382: Should handle 8-player tournament with multiple draws in first round ✗
  197/382: Should handle walkover when odd number of players in round ✗
  198/382: Should NOT have stale finals data from previous tournament
========== FIRST TOURNAMENT ==========
First Tournament Finalists: 0x70997970C51812dc3A010C7d01b50e0d17dc79C8 0x90F79bf6EB2c4f870365E785982E1f101E93b906
First Tournament Winner: 0x70997970C51812dc3A010C7d01b50e0d17dc79C8

========== SECOND TOURNAMENT ==========
Second Tournament Semifinal 0 Players: 0x9965507D1a55bcC2695C58ba16FB37d819B0A4dc 0x976EA74026E726554dB657fA54763abd0C3a0aa9
Second Tournament Semifinal 0 Winner: 0x9965507D1a55bcC2695C58ba16FB37d819B0A4dc
 ✗
  199/382: Should update lastMoveTime after each move ✓
  200/382: Should allow timeout claim after move timeout elapses ✓
  201/382: Should complete 8-player tournament with wins and draws ✗
  202/382: Should award full prize pool when timeout claim wins 2-player tournament ✓
  203/382: Should track forfeited amounts for eliminated players on escalation ✓
  204/382: Should correctly distribute prize pool after abandoned enrollment claim ✓
  205/382: Should have playerPrizes equal to prize amount for winner in 2-player tournament ✗
  206/382: Should have leaderboard earnings equal to (playerPrizes - entryFee) for winner ✗
  207/382: Should have consistent playerPrizes and leaderboard for 8-player tournament ✗
  208/382: Should have consistent playerPrizes and leaderboard after timeout victory ✗
  209/382: Should have consistent playerPrizes and leaderboard for draw finals ✗
  210/382: Should handle force start with 3 players (requires walkover) ✗
  211/382: Should handle force start with 5 players ✗
  212/382: Should handle force start with 7 players ✗
  213/382: Should complete tournament started with odd players ✗
  214/382: Should handle all semi-finals drawing - all 4 players share prize ✗
  215/382: Should complete tournament when finals also draws (co-winners) ✗
  216/382: Should handle prize distribution with odd total (rounding) ✗
  217/382: Should distribute prizes correctly in 8-player tournament ✗
  218/382: Should allow same player to enroll in different instances ✗
  219/382: Should allow same player in different tiers ✗
  220/382: Should track player active matches across tournaments ✓
  221/382: Should correctly update earnings across multiple tournaments ✓
  222/382: Should reject enrollment at max instanceId ✓
  223/382: Should reject enrollment in non-existent tier ✓
  224/382: Should handle enrollment at exact tier boundaries ✗
  225/382: Should return match data from cache after tournament completion and match reset (loser perspective) ✓
  226/382: Should return match data from cache after tournament completion (winner perspective) ✓
  227/382: Should handle draw scenario with cache fallback ✓
  228/382: Should fail gracefully for non-existent match ✓
  229/382: Should return active match data when match is still in progress ✓
  230/382: Should prevent cache collision when circular buffer wraps around ✓
  231/382: Should preserve finals match data in live storage after tournament completion ✓
  232/382: Should cache old finals and preserve new finals when second tournament completes (instance-specific eviction) ✓
  233/382: Should allow solo player to reset enrollment window after expiry ✓
  234/382: Should reject reset if tournament not enrolling ✓
  235/382: Should reject reset if multiple players enrolled ✓
  236/382: Should reject reset if caller not enrolled ✓
  237/382: Should reject reset if enrollment window not expired ✓
  238/382: Should allow reset even after escalation level 2 reached ✓
  239/382: Should allow second player to enroll after reset ✓
  240/382: Should allow player to reset multiple times ✓
  241/382: Should accurately report reset eligibility via view function ✓
  242/382: Should preserve forfeitPool amount after reset ✓
  243/382: Should emit event with correct escalation timestamps ✓
  244/382: Should not allow reset after force starting tournament ✓
  245/382: Should return false for match that hasn't timed out ✗
  246/382: Should ensure L3 is NEVER available before L2 ✗
  247/382: Should BLOCK L3 claim attempt before L2 delay passes ✗
  248/382: Should allow opponent to claim timeout when player runs out of time ✗
  249/382: Should fallback to accumulatedProtocolShare when solo winner rejects prize ✗
  250/382: Should fallback to accumulatedProtocolShare when winner address rejects ✗
  251/382: Should track accumulated protocol share from failed distributions ✗
  252/382: Should emit PrizeDistributed on successful prize send ✓
  253/382: Should complete tournament even if prize distribution fails ✓
  254/382: Should handle multiple prize distributions in 4-player tournament ✗
  255/382: Should maintain correct contract balance with accumulated fees ✗
  256/382: Should return correct raffle info when below threshold ✗
  257/382: Should return correct raffle info when at threshold with no players ✓
  258/382: Should count enrolled players correctly ✓
  259/382: Should return raffleIndex starting at 0 ✓
  260/382: Should return correct threshold from _getRaffleThreshold() ✗
  261/382: Should return correct reserve from _getRaffleReserve() ✗
  262/382: Should reject non-enrolled players when threshold not met ✓
  263/382: Should reject non-enrolled players even when threshold met ✓
  264/382: Should allow enrolled players to trigger raffle (Enrolling status) ✓
  265/382: Should allow enrolled players to trigger raffle (InProgress status) ✓
  266/382: Should reject players only enrolled in Completed tournaments ✓
  267/382: Should accumulate protocol share from failed prize distributions ✗
  268/382: Should handle multiple enrollment counts correctly ✓
  269/382: Should calculate 20% owner / 80% winner correctly ✓
  270/382: Should maintain 1 ETH reserve after raffle ✓
  271/382: Should emit ProtocolRaffleExecuted with correct data ✓
  272/382: Should handle exactly 3 ETH threshold ✓
  273/382: Should handle large amounts (10 ETH) ✓
  274/382: Should handle single enrolled player (100% chance) ✓
  275/382: Should handle player enrolled in many tournaments ✓
  276/382: Should use nonReentrant modifier on executeProtocolRaffle ✓
  277/382: Should follow CEI pattern (Checks-Effects-Interactions) ✓
  278/382: Should handle failed owner send ✓
  279/382: Should handle failed winner send ✓
  280/382: Should use block.prevrandao for randomness ✓
  281/382: Should produce different results with different block data ✓
  282/382: Should handle reasonable number of enrolled players ✓
  283/382: Should document max capacity (1000 players) ✓
  284/382: Should accumulate protocol share from entry fees (2.5%) ✗
  285/382: Should accumulate from both protocol fees AND failed prize distributions ✗
  286/382: should keep players in active tournaments after winning semifinal while waiting for other semifinal
Semifinal 0 Complete:
  Winner: 0x3C44CdDdB6a900fa2b585dd299e03d12FA4293BC
  Loser: 0x70997970C51812dc3A010C7d01b50e0d17dc79C8
  Winner's active tournaments: 1

Semifinal 1 Complete:
  Winner: 0x15d34AAf54267DB7D7c367839AAf71A00a2C6A65
  Loser: 0x90F79bf6EB2c4f870365E785982E1f101E93b906
 ✓
  287/382: should add player to enrolling list on enrollment ✓
  288/382: should track multiple enrollments in different tournaments ✓
  289/382: should move all players from enrolling to active on tournament start ✓
  290/382: should remove eliminated player from active list ✓
  291/382: should clear all player tracking on tournament completion ✓
  292/382: should return empty arrays for new players ✓
  293/382: should return correct counts ✓
  294/382: Should have 0.2 ETH threshold for raffle #1 (index 0) ✗
  295/382: Should have 10% reserve for TicTacChain ✗
  296/382: Should calculate raffle amount correctly with 10% reserve ✗
  297/382: Should progress from 0.2 to 0.4 ETH after first raffle ✗
  298/382: Should cap at 1.0 ETH for raffle #5 and beyond ✓
  299/382: Should start with currentRaffleIndex = 0 ✗
  300/382: Should show raffleIndex in getRaffleInfo matching currentRaffleIndex ✗
  301/382: Should accumulate protocol fees toward 0.2 ETH threshold ✗
  302/382: Should show accurate progress toward threshold ✗
  303/382: Should calculate 90% distribution with 10% reserve ✓
  304/382: TicTacChain should have lower threshold than base ETour default ✗
  305/382: Both should use 10% proportional reserve ✗
  306/382: Should document threshold and reserve progression ✓
  307/382: Debug: Should show match state immediately after enrollmentBefore enrollment, block timestamp: 1767337645
After enrollment, block timestamp: 1767337647
Match lastMoveTimestamp: 1767337647
Match player1TimeRemaining: 120
Match player2TimeRemaining: 120
Current turn: 0x3C44CdDdB6a900fa2b585dd299e03d12FA4293BC
Time elapsed since match start: 0
 ✓
  308/382: Should initialize both players with configured match time at match start ✗
  309/382: Should show correct time remaining for current player after time passes ✗
  310/382: Should allow enrollment after tournament completes and resets ✓
  311/382: Should clear all round data on tournament reset ✗
  312/382: Should clear player enrollment status on reset ✗
  313/382: Should reject enrollment during active tournament ✓
  314/382: Should reject duplicate enrollment in same tournament ✓
  315/382: Should allow same player in different instances ✓
  316/382: Should allow same player in different tiers ✓
  317/382: Should reset prize pool to zero after distribution ✓
  318/382: Should accumulate new prize pool for second tournament ✓
  319/382: Should clear match data from cache on reset ✓
  320/382: Should handle indivisible prize pool in finals draw (2 co-winners) ✗
  321/382: Should handle wei remainder in 4-way all-draw split ✗
  322/382: Should not lose wei in 8-player tournament prize distribution ✗
  323/382: Should maintain zero contract balance after prize distribution ✓
  324/382: Should accumulate protocol fees correctly across multiple tournaments ✓
  325/382: Should handle standard entry fee precision correctly ✗
  326/382: Should handle entry fee calculations with precision ✗

Test execution complete. Generating final report...
